// Jest Snapshot v1, https://goo.gl/fbAQLP

exports[`simple use case 1`] = `
"import a from 'a';
import b from 'b';
import c from 'c';
console.log(a);
if (b) c();
import('d').then(console.log);"
`;
