// Jest Snapshot v1, https://goo.gl/fbAQLP

exports[`when module is neither a file nor a directory: throw an error 1`] = `[Error: Module is neither file nor directory: ./not-file-nor-dir]`;
