// Jest Snapshot v1, https://goo.gl/fbAQLP

exports[`message matches snapshot 1`] = `"Hello, World!!"`;
